  Individuazione dei progetti da ripristinare...
C:\Dev\MESManager\MESManager.Web\MESManager.Web.csproj : warning NU1902: Package 'SixLabors.ImageSharp' 3.1.10 has a known moderate severity vulnerability, https://github.com/advisories/GHSA-rxmq-m78w-7wmc [C:\Dev\MESManager\MESManager.sln]
C:\Dev\MESManager\tests\MESManager.E2E\MESManager.E2E.csproj : warning NU1902: Package 'SixLabors.ImageSharp' 3.1.10 has a known moderate severity vulnerability, https://github.com/advisories/GHSA-rxmq-m78w-7wmc [C:\Dev\MESManager\MESManager.sln]
  Tutti i progetti sono aggiornati per il ripristino.
C:\Dev\MESManager\tests\MESManager.E2E\MESManager.E2E.csproj : warning NU1902: Package 'SixLabors.ImageSharp' 3.1.10 has a known moderate severity vulnerability, https://github.com/advisories/GHSA-rxmq-m78w-7wmc
C:\Dev\MESManager\MESManager.Web\MESManager.Web.csproj : warning NU1902: Package 'SixLabors.ImageSharp' 3.1.10 has a known moderate severity vulnerability, https://github.com/advisories/GHSA-rxmq-m78w-7wmc
  MESManager.Domain -> C:\Dev\MESManager\MESManager.Domain\bin\Debug\net8.0\MESManager.Domain.dll
  MESManager.Application -> C:\Dev\MESManager\MESManager.Application\bin\Debug\net8.0\MESManager.Application.dll
  MESManager.Infrastructure -> C:\Dev\MESManager\MESManager.Infrastructure\bin\Debug\net8.0\MESManager.Infrastructure.dll
  MESManager.PlcSync -> C:\Dev\MESManager\MESManager.PlcSync\bin\Debug\net8.0\MESManager.PlcSync.dll
  MESManager.Sync -> C:\Dev\MESManager\MESManager.Sync\bin\Debug\net8.0\MESManager.Sync.dll
  MESManager.Worker -> C:\Dev\MESManager\MESManager.Worker\bin\Debug\net8.0\MESManager.Worker.dll
C:\Dev\MESManager\MESManager.Web\Components\Pages\PlcDbViewerPopup.razor(357,18): error CS0161: 'PlcDbViewerPopup.EsportaJsonAsync()': non tutti i percorsi del codice restituiscono un valore [C:\Dev\MESManager\MESManager.Web\MESManager.Web.csproj]

Compilazione NON RIUSCITA.

C:\Dev\MESManager\MESManager.Web\MESManager.Web.csproj : warning NU1902: Package 'SixLabors.ImageSharp' 3.1.10 has a known moderate severity vulnerability, https://github.com/advisories/GHSA-rxmq-m78w-7wmc [C:\Dev\MESManager\MESManager.sln]
C:\Dev\MESManager\tests\MESManager.E2E\MESManager.E2E.csproj : warning NU1902: Package 'SixLabors.ImageSharp' 3.1.10 has a known moderate severity vulnerability, https://github.com/advisories/GHSA-rxmq-m78w-7wmc [C:\Dev\MESManager\MESManager.sln]
C:\Dev\MESManager\tests\MESManager.E2E\MESManager.E2E.csproj : warning NU1902: Package 'SixLabors.ImageSharp' 3.1.10 has a known moderate severity vulnerability, https://github.com/advisories/GHSA-rxmq-m78w-7wmc
C:\Dev\MESManager\MESManager.Web\MESManager.Web.csproj : warning NU1902: Package 'SixLabors.ImageSharp' 3.1.10 has a known moderate severity vulnerability, https://github.com/advisories/GHSA-rxmq-m78w-7wmc
C:\Dev\MESManager\MESManager.Web\Components\Pages\PlcDbViewerPopup.razor(357,18): error CS0161: 'PlcDbViewerPopup.EsportaJsonAsync()': non tutti i percorsi del codice restituiscono un valore [C:\Dev\MESManager\MESManager.Web\MESManager.Web.csproj]
    Avvisi: 4
    Errori: 1

Tempo trascorso 00:00:03.79
